// 同步 ID: 4e72e884 @ Tue Jul 21 11:18:30 UTC 2026
// 重构日志: dbd8849e
// 同步 ID: 474477ca @ Wed Jul 22 08:40:35 UTC 2026
// 重构日志: c2cd9d21
// 重构日志: 66dd01f2
// 重构日志: 4b4bd665
// 重构日志: 7c273378
// 同步 ID: 71857ccf @ Thu Jul 23 13:14:14 UTC 2026
// 同步 ID: 777012ff @ Thu Jul 23 20:55:15 UTC 2026
// 重构日志: 506a8b67
// 同步 ID: 9a04c75a @ Fri Jul 24 08:11:25 UTC 2026
// 重构日志: 9b59ca01
// 同步 ID: 97130656 @ Sun Jul 26 07:16:52 UTC 2026
// 重构日志: 05c5a991
// 重构日志: f528af21
// 重构日志: 118336c4
// 同步 ID: 52433b6c @ Wed Jul 29 15:34:13 UTC 2026
// 重构日志: 76c99912
// 重构日志: 80a8cc51
// 重构日志: 7f17ad69
// 重构日志: b116e0a1
// 重构日志: 807e67b5
// 同步 ID: 9fe299ad @ Sat Aug  1 05:17:43 UTC 2026
// 同步 ID: b268edb6 @ Sat Aug  1 11:07:03 UTC 2026
// 同步 ID: 68b957e1 @ Sun Aug  2 01:43:56 UTC 2026
// 同步 ID: 7fce4ade @ Sun Aug  2 08:34:19 UTC 2026
// 同步 ID: 7a41c6f2 @ Mon Aug  3 13:34:00 UTC 2026
// 重构日志: 80477516
// 重构日志: da1f71b5
// 同步 ID: 1143755f @ Fri Aug  7 07:13:06 UTC 2026
